[n.foxdsgn.com/coca-html/index.html]
[n.foxdsgn.com/coca-html/assets/images/android-chrome-192x192-150x15059fa.png]
[n.foxdsgn.com/coca-html/assets/images/favicon-32x32.png]
[backblue.gif]
[fade.gif]
[index.html]
[n.foxdsgn.com/coca-html/assets/css/style1.min3c21.css]
[n.foxdsgn.com/coca-html/assets/css/styles3c21.css]
[n.foxdsgn.com/coca-html/assets/css/settingsbde7.css]
[n.foxdsgn.com/coca-html/assets/css/swiper.mincfa9.css]
[n.foxdsgn.com/coca-html/assets/css/jquery.fancybox.mincfa9.css]
[n.foxdsgn.com/coca-html/assets/css/slick.mincfa9.css]
[n.foxdsgn.com/coca-html/assets/css/woodford-bournecfa9.css]
[n.foxdsgn.com/coca-html/assets/css/font-awesome.mincfa9.css]
[n.foxdsgn.com/coca-html/assets/css/et-line-fontcfa9.css]
[n.foxdsgn.com/coca-html/assets/css/before-after.mincfa9.css]
[n.foxdsgn.com/coca-html/assets/css/normalizecfa9.css]
[n.foxdsgn.com/coca-html/assets/css/bootstrapcfa9.css]
[n.foxdsgn.com/coca-html/assets/css/stylecfa9.css]
[n.foxdsgn.com/coca-html/assets/css/style2.mincfa9.css]
[n.foxdsgn.com/coca-html/assets/css/js_composer.min24b2.css]
[n.foxdsgn.com/coca-html/contact-me.html]
[n.foxdsgn.com/coca-html/contact-us.html]
[n.foxdsgn.com/coca-html/assets/images/logo-black.png]
[n.foxdsgn.com/coca-html/assets/images/logo-white.png]
[n.foxdsgn.com/coca-html/minimalist-home.html]
[n.foxdsgn.com/coca-html/creative-home.html]
[n.foxdsgn.com/coca-html/work-film-strip.html]
[n.foxdsgn.com/coca-html/work-category-list.html]
[n.foxdsgn.com/coca-html/work-timeline-images.html]
[n.foxdsgn.com/coca-html/work-timeline-list.html]
[n.foxdsgn.com/coca-html/revolution-slider.html]
[n.foxdsgn.com/coca-html/parallax-presentation.html]
[n.foxdsgn.com/coca-html/parallax-with-text.html]
[n.foxdsgn.com/coca-html/simple.html]
[n.foxdsgn.com/coca-html/splitted-screen.html]
[n.foxdsgn.com/coca-html/splitted-creative-banner.html]
[n.foxdsgn.com/coca-html/columns-gallery.html]
[n.foxdsgn.com/coca-html/before-after.html]
[n.foxdsgn.com/coca-html/slider.html]
[n.foxdsgn.com/coca-html/fullscreen-slider.html]
[n.foxdsgn.com/coca-html/video-background.html]
[n.foxdsgn.com/coca-html/about-me.html]
[n.foxdsgn.com/coca-html/about-us.html]
[n.foxdsgn.com/coca-html/work-process.html]
[n.foxdsgn.com/coca-html/services.html]
[n.foxdsgn.com/coca-html/planning.html]
[n.foxdsgn.com/coca-html/bibliography.html]
[n.foxdsgn.com/coca-html/people.html]
[n.foxdsgn.com/coca-html/media.html]
[n.foxdsgn.com/coca-html/exhibition.html]
[n.foxdsgn.com/coca-html/clients.html]
[n.foxdsgn.com/coca-html/pricing-simple.html]
[n.foxdsgn.com/coca-html/pricing-image.html]
[n.foxdsgn.com/coca-html/coming-soon.html]
[n.foxdsgn.com/coca-html/protected-page.html]
[n.foxdsgn.com/coca-html/404.html]
[n.foxdsgn.com/coca-html/work-grid.html]
[n.foxdsgn.com/coca-html/work-masonry.html]
[n.foxdsgn.com/coca-html/appartments.html]
[n.foxdsgn.com/coca-html/matris-camp.html]
[n.foxdsgn.com/coca-html/alveus-kitchens.html]
[n.foxdsgn.com/coca-html/creative-lab.html]
[n.foxdsgn.com/coca-html/mountain-house.html]
[n.foxdsgn.com/coca-html/tycoon-office-interior-design.html]
[n.foxdsgn.com/coca-html/alto-furniture.html]
[n.foxdsgn.com/coca-html/alto-furniture-2.html]
[n.foxdsgn.com/coca-html/vilters.html]
[n.foxdsgn.com/coca-html/shop.html]
[n.foxdsgn.com/coca-html/soft-chair.html]
[n.foxdsgn.com/coca-html/cart.html]
[n.foxdsgn.com/coca-html/checkout.html]
[n.foxdsgn.com/coca-html/blog.html]
[n.foxdsgn.com/coca-html/blog-list.html]
[n.foxdsgn.com/coca-html/time-inc-architectura.html]
[n.foxdsgn.com/coca-html/assets/images/test-img.jpg]
[n.foxdsgn.com/coca-html/assets/images/image-01.jpg]
[n.foxdsgn.com/coca-html/assets/images/heading-01.jpg]
[n.foxdsgn.com/coca-html/assets/images/masonry-15.png]
[n.foxdsgn.com/coca-html/assets/images/masonry-14.png]
[n.foxdsgn.com/coca-html/assets/images/masonry-13.png]
[n.foxdsgn.com/coca-html/assets/images/masonry-12.png]
[n.foxdsgn.com/coca-html/assets/images/masonry-11.png]
[n.foxdsgn.com/coca-html/assets/images/masonry-9.png]
[n.foxdsgn.com/coca-html/assets/images/masonry-10.png]
[n.foxdsgn.com/coca-html/assets/images/masonry-8.png]
[n.foxdsgn.com/coca-html/assets/images/masonry-16.png]
[n.foxdsgn.com/coca-html/assets/images/masonry-7.png]
[n.foxdsgn.com/coca-html/assets/images/masonry-5.png]
[n.foxdsgn.com/coca-html/assets/images/masonry-6.png]
[n.foxdsgn.com/coca-html/assets/images/Untitled-2.png]
[n.foxdsgn.com/coca-html/assets/images/masonry-4.png]
[n.foxdsgn.com/coca-html/assets/images/Untitled-1.png]
[n.foxdsgn.com/coca-html/assets/images/masonry.png]
[n.foxdsgn.com/coca-html/assets/images/splited-banner-1-1.jpg]
[n.foxdsgn.com/coca-html/assets/images/porfolio-BELLEVUE-PROJECT.png]
[n.foxdsgn.com/coca-html/assets/images/port-2-img-4-1.png]
[n.foxdsgn.com/coca-html/assets/images/heading-02.jpg]
[n.foxdsgn.com/coca-html/assets/images/heading-03.jpg]
[n.foxdsgn.com/coca-html/assets/images/team-12.jpg]
[n.foxdsgn.com/coca-html/assets/images/team-11.jpg]
[n.foxdsgn.com/coca-html/assets/images/team-10.jpg]
[n.foxdsgn.com/coca-html/assets/images/team-09.jpg]
[n.foxdsgn.com/coca-html/assets/images/team-08.jpg]
[n.foxdsgn.com/coca-html/assets/images/team-07.jpg]
[n.foxdsgn.com/coca-html/assets/images/team-06.jpg]
[n.foxdsgn.com/coca-html/assets/images/team-05.jpg]
[n.foxdsgn.com/coca-html/assets/images/heading-04.jpg]
[n.foxdsgn.com/coca-html/assets/images/heading-05.jpg]
[n.foxdsgn.com/coca-html/assets/images/ostrich-cafe.png]
[n.foxdsgn.com/coca-html/assets/images/lily-flowers.png]
[n.foxdsgn.com/coca-html/assets/images/logo41.png]
[n.foxdsgn.com/coca-html/assets/images/8-300x171-dark2.png]
[n.foxdsgn.com/coca-html/assets/images/8-300x171-dark.png]
[n.foxdsgn.com/coca-html/assets/images/7-300x171-dark-1.png]
[n.foxdsgn.com/coca-html/assets/images/heading-06.jpg]
[n.foxdsgn.com/coca-html/assets/images/testimonials-01.png]
[n.foxdsgn.com/coca-html/assets/images/testimonials-02.png]
[n.foxdsgn.com/coca-html/assets/images/testimonials-03.png]
[n.foxdsgn.com/cdn-cgi/scripts/5c5dd728/cloudflare-static/email-decode.min.js]
[n.foxdsgn.com/coca-html/assets/js/initMapb8ff.js]
[n.foxdsgn.com/coca-html/assets/js/jqueryb8ff.js]
[n.foxdsgn.com/coca-html/assets/js/jquery-migrate.min330a.js]
[n.foxdsgn.com/coca-html/assets/js/jquery.themepunch.tools.minbde7.js]
[n.foxdsgn.com/coca-html/assets/js/jquery.blockUI.min44fd.js]
[n.foxdsgn.com/coca-html/assets/js/add-to-cart.min10cb.js]
[n.foxdsgn.com/coca-html/assets/js/scripts3c21.js]
[n.foxdsgn.com/coca-html/assets/js/js.cookie.min6b25.js]
[n.foxdsgn.com/coca-html/assets/js/cart-fragments.min10cb.js]
[n.foxdsgn.com/coca-html/assets/js/swiper.mincfa9.js]
[n.foxdsgn.com/coca-html/assets/js/jquery.fancybox.mincfa9.js]
[n.foxdsgn.com/coca-html/assets/js/isotope.pkgd.min24b2.js]
[n.foxdsgn.com/coca-html/assets/js/tweenMax.mincfa9.js]
[n.foxdsgn.com/coca-html/assets/js/vivus.mincfa9.js]
[n.foxdsgn.com/coca-html/assets/js/slick.mincfa9.js]
[n.foxdsgn.com/coca-html/assets/js/hammer.mincfa9.js]
[n.foxdsgn.com/coca-html/assets/js/jquery.fitvidscfa9.js]
[n.foxdsgn.com/coca-html/assets/js/scriptcfa9.js]
[n.foxdsgn.com/coca-html/assets/js/before-after.mincfa9.js]
[n.foxdsgn.com/coca-html/assets/js/comment-reply.min3c21.js]
[n.foxdsgn.com/coca-html/index.html]
[n.foxdsgn.com/coca-html/assets/css/style1.min3c21.css]
[n.foxdsgn.com/coca-html/assets/js/js_composer_front.min24b2.js]
[n.foxdsgn.com/coca-html/assets/css/styles3c21.css]
[n.foxdsgn.com/coca-html/images/ajax-loader.html]
[n.foxdsgn.com/coca-html/assets/fonts/revicons/revicons90c6.html]
[n.foxdsgn.com/coca-html/assets/fonts/revicons/revicons90c6-2.html]
[n.foxdsgn.com/coca-html/assets/fonts/revicons/revicons90c6-3.html]
[n.foxdsgn.com/coca-html/assets/fonts/revicons/revicons90c6-4.html]
[n.foxdsgn.com/coca-html/assets/css/openhand.html]
[n.foxdsgn.com/coca-html/assets/css/closedhand.html]
[n.foxdsgn.com/coca-html/assets/assets/gridtile.html]
[n.foxdsgn.com/coca-html/assets/assets/gridtile_white.html]
[n.foxdsgn.com/coca-html/assets/assets/gridtile_3x3.html]
[n.foxdsgn.com/coca-html/assets/assets/gridtile_3x3_white.html]
[n.foxdsgn.com/coca-html/assets/assets/coloredbg.html]
[n.foxdsgn.com/coca-html/assets/css/settingsbde7.css]
[n.foxdsgn.com/coca-html/assets/css/swiper.mincfa9.css]
[n.foxdsgn.com/coca-html/assets/css/jquery.fancybox.mincfa9.css]
[n.foxdsgn.com/coca-html/assets/css/slick.mincfa9.css]
[n.foxdsgn.com/coca-html/assets/assets/loader.html]
[n.foxdsgn.com/coca-html/assets/fonts/woodfordbourne-thin-webfont.eot]
[n.foxdsgn.com/coca-html/assets/fonts/woodfordbourne-thin-webfontd41d.eot]
[n.foxdsgn.com/coca-html/assets/fonts/woodfordbourne-thin-webfont.woff2]
[n.foxdsgn.com/coca-html/assets/fonts/woodfordbourne-thin-webfont.woff]
[n.foxdsgn.com/coca-html/assets/fonts/woodfordbourne-thin-webfont.ttf]
[n.foxdsgn.com/coca-html/assets/fonts/woodfordbourne-thin-webfont.svg]
[n.foxdsgn.com/coca-html/assets/fonts/woodfordbourne-regular-webfont.eot]
[n.foxdsgn.com/coca-html/assets/fonts/woodfordbourne-regular-webfontd41d.eot]
[n.foxdsgn.com/coca-html/assets/fonts/woodfordbourne-regular-webfont.woff2]
[n.foxdsgn.com/coca-html/assets/fonts/woodfordbourne-regular-webfont.woff]
[n.foxdsgn.com/coca-html/assets/fonts/woodfordbourne-regular-webfont.ttf]
[n.foxdsgn.com/coca-html/assets/fonts/woodfordbourne-regular-webfont.svg]
[n.foxdsgn.com/coca-html/assets/fonts/woodfordbourne-bold-webfont.eot]
[n.foxdsgn.com/coca-html/assets/fonts/woodfordbourne-bold-webfontd41d.eot]
[n.foxdsgn.com/coca-html/assets/fonts/woodfordbourne-bold-webfont.woff2]
[n.foxdsgn.com/coca-html/assets/fonts/woodfordbourne-bold-webfont.woff]
[n.foxdsgn.com/coca-html/assets/fonts/woodfordbourne-bold-webfont.ttf]
[n.foxdsgn.com/coca-html/assets/css/woodford-bournecfa9.css]
[n.foxdsgn.com/coca-html/assets/fonts/woodfordbourne-bold-webfont.svg]
[n.foxdsgn.com/coca-html/assets/fonts/fontawesome-webfont3e6e.eot]
[n.foxdsgn.com/coca-html/assets/fonts/fontawesome-webfontd41d.eot]
[n.foxdsgn.com/coca-html/assets/fonts/fontawesome-webfont3e6e.woff2]
[n.foxdsgn.com/coca-html/assets/fonts/fontawesome-webfont3e6e.woff]
[n.foxdsgn.com/coca-html/assets/fonts/fontawesome-webfont3e6e.ttf]
[n.foxdsgn.com/coca-html/assets/css/font-awesome.mincfa9.css]
[n.foxdsgn.com/coca-html/assets/fonts/fontawesome-webfont3e6e.svg]
[n.foxdsgn.com/coca-html/assets/fonts/et-line.eot]
[n.foxdsgn.com/coca-html/assets/fonts/et-lined41d.eot]
[n.foxdsgn.com/coca-html/assets/fonts/et-line.woff]
[n.foxdsgn.com/coca-html/assets/fonts/et-line.ttf]
[n.foxdsgn.com/coca-html/assets/css/et-line-fontcfa9.css]
[n.foxdsgn.com/coca-html/assets/css/before-after.mincfa9.css]
[n.foxdsgn.com/coca-html/assets/css/normalizecfa9.css]
[n.foxdsgn.com/coca-html/assets/css/bootstrapcfa9.css]
[n.foxdsgn.com/coca-html/assets/fonts/et-line.svg]
[n.foxdsgn.com/coca-html/assets/images/arrow-down.png]
[n.foxdsgn.com/coca-html/assets/images/banner-1578c9.jpg]
[n.foxdsgn.com/coca-html/assets/css/stylecfa9.css]
[n.foxdsgn.com/coca-html/assets/css/style2.mincfa9.css]
[n.foxdsgn.com/coca-html/assets/vc/alert.html]
[n.foxdsgn.com/coca-html/assets/vc/info.html]
[n.foxdsgn.com/coca-html/assets/vc/tick.html]
[n.foxdsgn.com/coca-html/assets/vc/exclamation.html]
[n.foxdsgn.com/coca-html/assets/images/icons/address-book.html]
[n.foxdsgn.com/coca-html/assets/images/icons/alarm-clock.html]
[n.foxdsgn.com/coca-html/assets/images/icons/anchor.html]
[n.foxdsgn.com/coca-html/assets/images/icons/application-image.html]
[n.foxdsgn.com/coca-html/assets/images/icons/arrow.html]
[n.foxdsgn.com/coca-html/assets/images/icons/asterisk.html]
[n.foxdsgn.com/coca-html/assets/images/icons/auction-hammer.html]
[n.foxdsgn.com/coca-html/assets/images/icons/balloon.html]
[n.foxdsgn.com/coca-html/assets/images/icons/balloon-buzz.html]
[n.foxdsgn.com/coca-html/assets/images/icons/balloon-facebook.html]
[n.foxdsgn.com/coca-html/assets/images/icons/balloon-twitter.html]
[n.foxdsgn.com/coca-html/assets/images/icons/battery-full.html]
[n.foxdsgn.com/coca-html/assets/images/icons/binocular.html]
[n.foxdsgn.com/coca-html/assets/images/icons/blue-document-excel.html]
[n.foxdsgn.com/coca-html/assets/images/icons/blue-document-image.html]
[n.foxdsgn.com/coca-html/assets/images/icons/blue-document-music.html]
[n.foxdsgn.com/coca-html/assets/images/icons/blue-document-office.html]
[n.foxdsgn.com/coca-html/assets/images/icons/blue-document-pdf.html]
[n.foxdsgn.com/coca-html/assets/images/icons/blue-document-powerpoint.html]
[n.foxdsgn.com/coca-html/assets/images/icons/blue-document-word.html]
[n.foxdsgn.com/coca-html/assets/images/icons/bookmark.html]
[n.foxdsgn.com/coca-html/assets/images/icons/camcorder.html]
[n.foxdsgn.com/coca-html/assets/images/icons/camera.html]
[n.foxdsgn.com/coca-html/assets/images/icons/chart.html]
[n.foxdsgn.com/coca-html/assets/images/icons/chart-pie.html]
[n.foxdsgn.com/coca-html/assets/images/icons/clock.html]
[n.foxdsgn.com/coca-html/assets/images/icons/control.html]
[n.foxdsgn.com/coca-html/assets/images/icons/fire.html]
[n.foxdsgn.com/coca-html/assets/images/icons/heart.html]
[n.foxdsgn.com/coca-html/assets/images/icons/mail.html]
[n.foxdsgn.com/coca-html/assets/images/icons/plus-shield.html]
[n.foxdsgn.com/coca-html/assets/images/icons/video.html]
[n.foxdsgn.com/coca-html/assets/fonts/vc_icons_v2/fonts/vcpb-plugin-iconsb82a.html]
[n.foxdsgn.com/coca-html/assets/fonts/vc_icons_v2/fonts/vcpb-plugin-iconsb82a-2.html]
[n.foxdsgn.com/coca-html/assets/fonts/vc_icons_v2/fonts/vcpb-plugin-iconsb82a-3.html]
[n.foxdsgn.com/coca-html/assets/fonts/vc_icons_v2/fonts/vcpb-plugin-iconsb82a-4.html]
[n.foxdsgn.com/coca-html/assets/images/toggle_open.html]
[n.foxdsgn.com/coca-html/assets/images/toggle_close.html]
[n.foxdsgn.com/coca-html/assets/images/flickr.html]
[n.foxdsgn.com/coca-html/assets/vc/blur.html]
[n.foxdsgn.com/coca-html/assets/fonts/vc_grid/vc_grid_v157a1.html]
[n.foxdsgn.com/coca-html/assets/fonts/vc_grid/vc_grid_v1d41d.html]
[n.foxdsgn.com/coca-html/assets/fonts/vc_grid/vc_grid_v157a1-2.html]
[n.foxdsgn.com/coca-html/assets/fonts/vc_grid/vc_grid_v157a1-3.html]
[n.foxdsgn.com/coca-html/assets/fonts/vc_grid/vc_grid_v157a1-4.html]
[n.foxdsgn.com/coca-html/assets/images/spinner.html]
[n.foxdsgn.com/coca-html/assets/css/js_composer.min24b2.css]
[n.foxdsgn.com/coca-html/assets/vc/remove.html]
[n.foxdsgn.com/coca-html/assets/images/banner-15.jpg]
[n.foxdsgn.com/coca-html/contact-me.html]
[n.foxdsgn.com/coca-html/assets/js/initMapContactb8ff.js]
[n.foxdsgn.com/coca-html/assets/images/image-09.jpg]
[n.foxdsgn.com/coca-html/assets/images/image-04.jpg]
[n.foxdsgn.com/coca-html/assets/images/image-03.jpg]
[n.foxdsgn.com/coca-html/contact-us.html]
[n.foxdsgn.com/coca-html/assets/images/banner-05.jpg]
[n.foxdsgn.com/coca-html/assets/js/wp-embed.min3c21.js]
[n.foxdsgn.com/coca-html/minimalist-home.html]
[n.foxdsgn.com/coca-html/assets/js/gm_addons_script3c21.js]
[n.foxdsgn.com/coca-html/assets/images/banner-01.jpg]
[n.foxdsgn.com/coca-html/assets/images/image-10.jpg]
[n.foxdsgn.com/coca-html/assets/images/image-11.jpg]
[n.foxdsgn.com/coca-html/interior.html]
[n.foxdsgn.com/coca-html/exterior.html]
[n.foxdsgn.com/coca-html/decoration.html]
[n.foxdsgn.com/coca-html/furniture.html]
[n.foxdsgn.com/coca-html/creative-home.html]
[n.foxdsgn.com/coca-html/exclusively.html]
[n.foxdsgn.com/coca-html/assets/images/spa-residence.png]
[n.foxdsgn.com/coca-html/assets/images/restoration-hardware.png]
[n.foxdsgn.com/coca-html/assets/images/dream-kitchens2.png]
[n.foxdsgn.com/coca-html/assets/images/roomscapes-cabinetry.png]
[n.foxdsgn.com/coca-html/assets/images/dream-kitchens.png]
[n.foxdsgn.com/coca-html/assets/images/vilters.png]
[n.foxdsgn.com/coca-html/assets/images/modern-bathroom.png]
[n.foxdsgn.com/coca-html/assets/images/dcorative-hardware.png]
[n.foxdsgn.com/coca-html/assets/images/ff71cc46103027.5847f4469a9fd-1.jpg]
[n.foxdsgn.com/coca-html/assets/images/creative-banner-part-01-1.jpg]
[n.foxdsgn.com/coca-html/assets/images/slider-simple-1-1.jpg]
[n.foxdsgn.com/coca-html/assets/images/slider-1-1.jpg]
[n.foxdsgn.com/coca-html/assets/images/splited-1-1.jpg]
[n.foxdsgn.com/coca-html/assets/images/detail-simple-1-2.jpg]
[n.foxdsgn.com/coca-html/assets/images/detail-after-1.jpg]
[n.foxdsgn.com/coca-html/assets/images/detail-paralax-txt-1-1.jpg]
[n.foxdsgn.com/coca-html/assets/images/01-paddington-station-proposed-ticket-hall_235984.jpg]
[n.foxdsgn.com/coca-html/assets/images/image.jpg]
[n.foxdsgn.com/coca-html/assets/images/qma_west_entry_distant01_FINAL.jpg]
[n.foxdsgn.com/coca-html/assets/images/Eye_Beacon-Pavilion-by-UNStudio-and-MDT-tex-1.jpg]
[n.foxdsgn.com/coca-html/assets/images/RHX8503.jpg]
[n.foxdsgn.com/coca-html/work-film-strip.html]
[n.foxdsgn.com/coca-html/assets/images/banner-02.jpg]
[n.foxdsgn.com/coca-html/assets/images/ff71cc46103027.5847f4469a9fd-1-768x1193.jpg]
[n.foxdsgn.com/coca-html/assets/images/creative-banner-part-01-1-768x461.jpg]
[n.foxdsgn.com/coca-html/assets/images/slider-simple-1-1-768x466.jpg]
[n.foxdsgn.com/coca-html/assets/images/slider-1-1-768x512.jpg]
[n.foxdsgn.com/coca-html/assets/images/splited-1-1-768x512.jpg]
[n.foxdsgn.com/coca-html/assets/images/detail-simple-1-2-768x546.jpg]
[n.foxdsgn.com/coca-html/assets/images/detail-after-1-768x442.jpg]
[n.foxdsgn.com/coca-html/assets/images/detail-paralax-txt-1-1-768x512.jpg]
[n.foxdsgn.com/coca-html/assets/images/detail-paralax-7-768x512.jpg]
[n.foxdsgn.com/coca-html/assets/images/banner-10.jpg]
[n.foxdsgn.com/coca-html/h.html]
[n.foxdsgn.com/coca-html/assets/images/banner-04.jpg]
[n.foxdsgn.com/coca-html/work-category-list.html]
[n.foxdsgn.com/coca-html/assets/images/detail-paralax-txt-4-1.jpg]
[n.foxdsgn.com/coca-html/assets/images/detail-paralax-txt-3-1.jpg]
[n.foxdsgn.com/coca-html/assets/images/detail-paralax-txt-2-1.jpg]
[n.foxdsgn.com/coca-html/assets/images/294fd646103027.5847f4469c5ed-1.jpg]
[n.foxdsgn.com/coca-html/assets/images/f3d57046103027.5847f446a0ce3-1.jpg]
[n.foxdsgn.com/coca-html/assets/images/ad98c846103027.5847f4469d5fb-1.jpg]
[n.foxdsgn.com/coca-html/assets/images/slide-4-1.jpg]
[n.foxdsgn.com/coca-html/assets/images/detail-paralax-txt-4-1-1024x683.jpg]
[n.foxdsgn.com/coca-html/assets/images/detail-paralax-txt-3-1-1024x682.jpg]
[n.foxdsgn.com/coca-html/assets/images/detail-paralax-txt-2-1-1024x683.jpg]
[n.foxdsgn.com/coca-html/assets/images/294fd646103027.5847f4469c5ed-1-1024x684.jpg]
[n.foxdsgn.com/coca-html/assets/images/f3d57046103027.5847f446a0ce3-1-684x1024.jpg]
[n.foxdsgn.com/coca-html/assets/images/ad98c846103027.5847f4469d5fb-1-1024x616.jpg]
[n.foxdsgn.com/coca-html/assets/images/slider-simple-1-1-1024x622.jpg]
[n.foxdsgn.com/coca-html/assets/images/slide-4-1-1024x615.jpg]
[n.foxdsgn.com/coca-html/assets/images/slider-1-1-1024x683.jpg]
[n.foxdsgn.com/coca-html/work-timeline-images.html]
[n.foxdsgn.com/coca-html/assets/images/banner-06.jpg]
[n.foxdsgn.com/coca-html/work-timeline-list.html]
[n.foxdsgn.com/coca-html/assets/js/jquery.themepunch.revolution.minbde7.js]
[n.foxdsgn.com/coca-html/assets/js/startREVcfa9.js]
[n.foxdsgn.com/coca-html/assets/images/Frost-TitlePiece.jpg]
[n.foxdsgn.com/coca-html/assets/images/8EF00F22D0387DA625552C779DB083EFF1CE422C451CA4B633850C1482FD3C1F.jpg]
[n.foxdsgn.com/coca-html/assets/js/lib/extensions/revolution.extension.slideanims.min.js]
[n.foxdsgn.com/coca-html/assets/js/lib/extensions/revolution.extension.actions.min.js]
[n.foxdsgn.com/coca-html/assets/js/lib/extensions/revolution.extension.layeranimation.min.js]
[n.foxdsgn.com/coca-html/assets/js/lib/extensions/revolution.extension.navigation.min.js]
[n.foxdsgn.com/coca-html/revolution-slider.html]
[n.foxdsgn.com/coca-html/assets/js/maincfa9.js]
[n.foxdsgn.com/coca-html/assets/images/detail-paralax-7.jpg]
[n.foxdsgn.com/coca-html/assets/images/detail-paralax-2-1.jpg]
[n.foxdsgn.com/coca-html/assets/images/detail-paralax-3-1.jpg]
[n.foxdsgn.com/coca-html/assets/images/detail-paralax-4-1.jpg]
[n.foxdsgn.com/coca-html/assets/images/detail-paralax-5-1.jpg]
[n.foxdsgn.com/coca-html/assets/images/detail-paralax-6-1.jpg]
[n.foxdsgn.com/coca-html/parallax-presentation.html]
[n.foxdsgn.com/coca-html/assets/images/detail-paralax-txt-5-1.jpg]
[n.foxdsgn.com/coca-html/assets/images/detail-paralax-txt-6-1.jpg]
[n.foxdsgn.com/coca-html/parallax-with-text.html]
[n.foxdsgn.com/coca-html/assets/images/detail-simple-1-1.jpg]
[n.foxdsgn.com/coca-html/assets/images/detail-simple-2-1-e1522531557305.jpg]
[n.foxdsgn.com/coca-html/assets/images/detail-simple-3-2.jpg]
[n.foxdsgn.com/coca-html/assets/images/detail-simple-4-2.jpg]
[n.foxdsgn.com/coca-html/assets/images/detail-simple-5-1-e1522532038755.jpg]
[n.foxdsgn.com/coca-html/assets/images/detail-simple-6-2-e1522532712627.jpg]
[n.foxdsgn.com/coca-html/assets/images/detail-simple-7-4-e1522532817839.jpg]
[n.foxdsgn.com/coca-html/simple.html]
[n.foxdsgn.com/coca-html/assets/images/Layer-111.jpg]
[n.foxdsgn.com/coca-html/assets/images/splited-2-1.jpg]
[n.foxdsgn.com/coca-html/assets/images/splited-3-1.jpg]
[n.foxdsgn.com/coca-html/assets/images/splited-5-1.jpg]
[n.foxdsgn.com/coca-html/assets/images/splited-6-1.jpg]
[n.foxdsgn.com/coca-html/splitted-screen.html]
[n.foxdsgn.com/coca-html/assets/images/upload-7.jpg]
[n.foxdsgn.com/coca-html/splitted-creative-banner.html]
[n.foxdsgn.com/coca-html/assets/images/7d4e9146103027.5847f4469e20e.jpg]
[n.foxdsgn.com/coca-html/assets/images/eb951346103027.5847f4469fb8f-1.jpg]
[n.foxdsgn.com/coca-html/assets/images/c3ff2946103027.5847f4469af76-1.jpg]
[n.foxdsgn.com/coca-html/assets/images/ee26cb46103027.5847f4469f45c-1.jpg]
[n.foxdsgn.com/coca-html/assets/images/81d19d46103027.5847f44699bbe-1.jpg]
[n.foxdsgn.com/coca-html/assets/images/e05a2c46103027.5847f4469bdda-1.jpg]
[n.foxdsgn.com/coca-html/assets/images/22033a46103027.5847f4469eef5-1.jpg]
[n.foxdsgn.com/coca-html/assets/images/7d4e9146103027.5847f4469e20e-1.jpg]
[n.foxdsgn.com/coca-html/assets/images/438c0646103027.5847f4469a3bb-1.jpg]
[n.foxdsgn.com/coca-html/columns-gallery.html]
[n.foxdsgn.com/coca-html/assets/images/detail-before-1.jpg]
[n.foxdsgn.com/coca-html/before-after.html]
[n.foxdsgn.com/coca-html/assets/images/slider-simple-2-1.jpg]
[n.foxdsgn.com/coca-html/assets/images/slide-3-1.jpg]
[n.foxdsgn.com/coca-html/slider.html]
[n.foxdsgn.com/coca-html/assets/images/detail-paralax-txt-4-2.jpg]
[n.foxdsgn.com/coca-html/fullscreen-slider.html]
[n.foxdsgn.com/coca-html/assets/images/5c900b26-6612-42a6-8b7e-f1c9ca7658b2-original.jpg]
[n.foxdsgn.com/coca-html/video-background.html]
[n.foxdsgn.com/coca-html/assets/images/banner-11.jpg]
[n.foxdsgn.com/coca-html/assets/images/image-02.jpg]
[n.foxdsgn.com/coca-html/about-me.html]
[n.foxdsgn.com/coca-html/assets/images/banner-12.jpg]
[n.foxdsgn.com/coca-html/about-us.html]
[n.foxdsgn.com/coca-html/assets/images/banner-19.jpg]
[n.foxdsgn.com/coca-html/assets/images/blog-11.jpg]
[n.foxdsgn.com/coca-html/assets/images/blog-06.jpg]
[n.foxdsgn.com/coca-html/assets/images/image-08.jpg]
[n.foxdsgn.com/coca-html/assets/images/image-07.jpg]
[n.foxdsgn.com/coca-html/assets/images/image-06.jpg]
[n.foxdsgn.com/coca-html/assets/images/blog-09.jpg]
[n.foxdsgn.com/coca-html/work-process.html]
[n.foxdsgn.com/coca-html/assets/images/banner-08.jpg]
[n.foxdsgn.com/coca-html/services.html]
[n.foxdsgn.com/coca-html/assets/images/banner-09.jpg]
[n.foxdsgn.com/coca-html/assets/images/post-services-01.jpg]
[n.foxdsgn.com/coca-html/assets/images/post-services-02.jpg]
[n.foxdsgn.com/coca-html/assets/images/post-services-03.jpg]
[n.foxdsgn.com/coca-html/planning.html]
[n.foxdsgn.com/coca-html/assets/images/banner-16.jpg]
[n.foxdsgn.com/coca-html/assets/images/book-09.jpg]
[n.foxdsgn.com/coca-html/assets/images/book-08.jpg]
[n.foxdsgn.com/coca-html/assets/images/book-07.jpg]
[n.foxdsgn.com/coca-html/assets/images/book-06.jpg]
[n.foxdsgn.com/coca-html/assets/images/book-05.jpg]
[n.foxdsgn.com/coca-html/assets/images/book-04.jpg]
[n.foxdsgn.com/coca-html/assets/images/book-03.jpg]
[n.foxdsgn.com/coca-html/assets/images/book-02.jpg]
[n.foxdsgn.com/coca-html/assets/images/book-01.jpg]
[n.foxdsgn.com/coca-html/bibliography.html]
[n.foxdsgn.com/coca-html/assets/images/banner-13.jpg]
[n.foxdsgn.com/coca-html/assets/images/team-04.jpg]
[n.foxdsgn.com/coca-html/assets/images/team-03.jpg]
[n.foxdsgn.com/coca-html/assets/images/team-02.jpg]
[n.foxdsgn.com/coca-html/assets/images/team-01.jpg]
[n.foxdsgn.com/coca-html/people.html]
[n.foxdsgn.com/coca-html/assets/images/banner-17.jpg]
[n.foxdsgn.com/coca-html/assets/images/media-12.jpg]
[n.foxdsgn.com/coca-html/assets/images/media-11.jpg]
[n.foxdsgn.com/coca-html/assets/images/media-10.jpg]
[n.foxdsgn.com/coca-html/assets/images/media-09.jpg]
[n.foxdsgn.com/coca-html/assets/images/media-08.jpg]
[n.foxdsgn.com/coca-html/assets/images/media-07.jpg]
[n.foxdsgn.com/coca-html/assets/images/media-06.jpg]
[n.foxdsgn.com/coca-html/assets/images/media-05.jpg]
[n.foxdsgn.com/coca-html/assets/images/media-04.jpg]
[n.foxdsgn.com/coca-html/assets/images/media-03.jpg]
[n.foxdsgn.com/coca-html/assets/images/media-02.jpg]
[n.foxdsgn.com/coca-html/assets/images/media-01.jpg]
[n.foxdsgn.com/coca-html/media.html]
[n.foxdsgn.com/coca-html/assets/images/exhibition-12.jpg]
[n.foxdsgn.com/coca-html/assets/images/exhibition-11.jpg]
[n.foxdsgn.com/coca-html/assets/images/exhibition-10.jpg]
[n.foxdsgn.com/coca-html/assets/images/exhibition-09.jpg]
[n.foxdsgn.com/coca-html/assets/images/exhibition-08.jpg]
[n.foxdsgn.com/coca-html/assets/images/exhibition-07.jpg]
[n.foxdsgn.com/coca-html/assets/images/exhibition-06.jpg]
[n.foxdsgn.com/coca-html/assets/images/exhibition-05.jpg]
[n.foxdsgn.com/coca-html/assets/images/exhibition-04.jpg]
[n.foxdsgn.com/coca-html/assets/images/exhibition-03.jpg]
[n.foxdsgn.com/coca-html/assets/images/exhibition-02.jpg]
[n.foxdsgn.com/coca-html/assets/images/exhibition-01.jpg]
[n.foxdsgn.com/coca-html/exhibition.html]
[n.foxdsgn.com/coca-html/assets/images/banner-14.jpg]
[n.foxdsgn.com/coca-html/clients.html]
[n.foxdsgn.com/coca-html/pricing-simple.html]
[n.foxdsgn.com/coca-html/assets/images/image-05.jpg]
[n.foxdsgn.com/coca-html/pricing-image.html]
[n.foxdsgn.com/coca-html/assets/images/banner-22.jpg]
[n.foxdsgn.com/coca-html/coming-soon.html]
[n.foxdsgn.com/coca-html/protected-page.html]
[n.foxdsgn.com/coca-html/assets/images/banner-21.jpg]
[n.foxdsgn.com/coca-html/404.html]
[n.foxdsgn.com/coca-html/assets/images/banner-03.jpg]
[n.foxdsgn.com/coca-html/assets/images/RHX8503-2.jpg]
[n.foxdsgn.com/coca-html/work-grid.html]
[n.foxdsgn.com/coca-html/assets/images/banner-07.jpg]
[n.foxdsgn.com/coca-html/work-masonry.html]
[n.foxdsgn.com/coca-html/appartments.html]
[n.foxdsgn.com/coca-html/matris-camp.html]
[n.foxdsgn.com/coca-html/alveus-kitchens.html]
[n.foxdsgn.com/coca-html/creative-lab.html]
[n.foxdsgn.com/coca-html/mountain-house.html]
[n.foxdsgn.com/coca-html/tycoon-office-interior-design.html]
[n.foxdsgn.com/coca-html/alto-furniture.html]
[n.foxdsgn.com/coca-html/alto-furniture-2.html]
[n.foxdsgn.com/coca-html/vilters.html]
[n.foxdsgn.com/coca-html/assets/css/woocommerce-layout10cb.css]
[n.foxdsgn.com/coca-html/assets/css/woocommerce-smallscreen10cb.css]
[n.foxdsgn.com/coca-html/assets/css/woocommerce10cb.css]
[n.foxdsgn.com/coca-html/assets/images/banner-20.jpg]
[n.foxdsgn.com/coca-html/assets/images/shop-img-4.jpg]
[n.foxdsgn.com/coca-html/assets/images/shop-img-9.jpg]
[n.foxdsgn.com/coca-html/assets/images/shop-img-7.jpg]
[n.foxdsgn.com/coca-html/assets/images/shop-img-8.jpg]
[n.foxdsgn.com/coca-html/assets/images/shop-img-5.jpg]
[n.foxdsgn.com/coca-html/assets/images/shop-img-3.jpg]
[n.foxdsgn.com/coca-html/assets/images/shop-img-2.jpg]
[n.foxdsgn.com/coca-html/assets/images/shop-img-1.jpg]
[n.foxdsgn.com/coca-html/assets/js/woocommerce.min10cb.js]
[n.foxdsgn.com/coca-html/shop.html]
[n.foxdsgn.com/coca-html/assets/js/main2cfa9.js]
[n.foxdsgn.com/coca-html/assets/css/photoswipe10cb.css]
[n.foxdsgn.com/coca-html/assets/css/default-skin10cb.css]
[n.foxdsgn.com/coca-html/assets/images/shop-img-3-600x739.jpg]
[n.foxdsgn.com/coca-html/assets/images/shop-img-3-gallery-2.jpg]
[n.foxdsgn.com/coca-html/assets/images/shop-img-3-gallery-2-600x739.jpg]
[n.foxdsgn.com/coca-html/assets/images/9fd1b836c100c6c984d883aebf89907a.png]
[n.foxdsgn.com/coca-html/assets/js/jquery.flexslider-min24b2.js]
[n.foxdsgn.com/coca-html/assets/js/photoswipe.min0235.js]
[n.foxdsgn.com/coca-html/assets/js/photoswipe-ui-default.min0235.js]
[n.foxdsgn.com/coca-html/soft-chair.html]
[n.foxdsgn.com/coca-html/assets/js/single-product.min10cb.js]
[n.foxdsgn.com/coca-html/assets/images/shop-img-8-300x300.jpg]
[n.foxdsgn.com/coca-html/cart.html]
[n.foxdsgn.com/coca-html/assets/css/select210cb.css]
[n.foxdsgn.com/coca-html/assets/images/paypal.png]
[n.foxdsgn.com/coca-html/assets/js/selectWoo.full.min4b68.js]
[n.foxdsgn.com/coca-html/assets/js/country-select.min10cb.js]
[n.foxdsgn.com/coca-html/checkout.html]
[n.foxdsgn.com/coca-html/assets/js/address-i18n.min10cb.js]
[n.foxdsgn.com/coca-html/assets/images/splited-banner-2-1.jpg]
[n.foxdsgn.com/coca-html/assets/images/blog-07.jpg]
[n.foxdsgn.com/coca-html/assets/images/blog-05.jpg]
[n.foxdsgn.com/coca-html/assets/images/blog-04.jpg]
[n.foxdsgn.com/coca-html/assets/images/blog-03.jpg]
[n.foxdsgn.com/coca-html/assets/images/blog-02.jpg]
[n.foxdsgn.com/coca-html/assets/images/blog-01.jpg]
[n.foxdsgn.com/coca-html/assets/images/blog-13.jpg]
[n.foxdsgn.com/coca-html/assets/images/blog-12.jpg]
[n.foxdsgn.com/coca-html/assets/images/blog-10.jpg]
[n.foxdsgn.com/coca-html/blog.html]
[n.foxdsgn.com/coca-html/blog-list.html]
[n.foxdsgn.com/coca-html/assets/images/post-04.jpg]
[n.foxdsgn.com/coca-html/assets/images/post-01.jpg]
[n.foxdsgn.com/coca-html/assets/images/post-02.jpg]
[n.foxdsgn.com/coca-html/assets/images/post-03.jpg]
[n.foxdsgn.com/coca-html/time-inc-architectura.html]
[n.foxdsgn.com/coca-html/images/ajax-loader.html]
[n.foxdsgn.com/coca-html/assets/fonts/revicons/revicons90c6.html]
[n.foxdsgn.com/coca-html/assets/fonts/revicons/revicons90c6-2.html]
[n.foxdsgn.com/coca-html/assets/fonts/revicons/revicons90c6-3.html]
[n.foxdsgn.com/coca-html/assets/fonts/revicons/revicons90c6-4.html]
[n.foxdsgn.com/coca-html/assets/css/openhand.html]
[n.foxdsgn.com/coca-html/assets/css/closedhand.html]
[n.foxdsgn.com/coca-html/assets/assets/gridtile.html]
[n.foxdsgn.com/coca-html/assets/assets/gridtile_white.html]
[n.foxdsgn.com/coca-html/assets/assets/gridtile_3x3.html]
[n.foxdsgn.com/coca-html/assets/assets/gridtile_3x3_white.html]
[n.foxdsgn.com/coca-html/assets/assets/coloredbg.html]
[n.foxdsgn.com/coca-html/assets/assets/loader.html]
[n.foxdsgn.com/coca-html/assets/fonts/woodfordbourne-thin-webfont.svg]
[n.foxdsgn.com/coca-html/assets/fonts/woodfordbourne-regular-webfont.svg]
[n.foxdsgn.com/coca-html/assets/fonts/woodfordbourne-bold-webfont.svg]
[assets.plesk.com/static/default-website-content/public/default-website-index.js]
[n.foxdsgn.com/coca-html/assets/fonts/fontawesome-webfont3e6e.svg]
[n.foxdsgn.com/coca-html/assets/fonts/et-line.svg]
[n.foxdsgn.com/coca-html/assets/vc/alert.html]
[n.foxdsgn.com/coca-html/assets/vc/info.html]
[n.foxdsgn.com/coca-html/assets/vc/tick.html]
[n.foxdsgn.com/coca-html/assets/vc/exclamation.html]
[n.foxdsgn.com/coca-html/assets/images/icons/address-book.html]
[n.foxdsgn.com/coca-html/assets/images/icons/alarm-clock.html]
[n.foxdsgn.com/coca-html/assets/images/icons/anchor.html]
[n.foxdsgn.com/coca-html/assets/images/icons/application-image.html]
[n.foxdsgn.com/coca-html/assets/images/icons/arrow.html]
[n.foxdsgn.com/coca-html/assets/images/icons/asterisk.html]
[n.foxdsgn.com/coca-html/assets/images/icons/auction-hammer.html]
[n.foxdsgn.com/coca-html/assets/images/icons/balloon.html]
[n.foxdsgn.com/coca-html/assets/images/icons/balloon-buzz.html]
[n.foxdsgn.com/coca-html/assets/images/icons/balloon-facebook.html]
[n.foxdsgn.com/coca-html/assets/images/icons/balloon-twitter.html]
[n.foxdsgn.com/coca-html/assets/images/icons/battery-full.html]
[n.foxdsgn.com/coca-html/assets/images/icons/binocular.html]
[n.foxdsgn.com/coca-html/assets/images/icons/blue-document-excel.html]
[n.foxdsgn.com/coca-html/assets/images/icons/blue-document-image.html]
[n.foxdsgn.com/coca-html/assets/images/icons/blue-document-music.html]
[n.foxdsgn.com/coca-html/assets/images/icons/blue-document-office.html]
[n.foxdsgn.com/coca-html/assets/images/icons/blue-document-pdf.html]
[n.foxdsgn.com/coca-html/assets/images/icons/blue-document-powerpoint.html]
[n.foxdsgn.com/coca-html/assets/images/icons/blue-document-word.html]
[n.foxdsgn.com/coca-html/assets/images/icons/bookmark.html]
[n.foxdsgn.com/coca-html/assets/images/icons/camcorder.html]
[n.foxdsgn.com/coca-html/assets/images/icons/camera.html]
[n.foxdsgn.com/coca-html/assets/images/icons/chart.html]
[n.foxdsgn.com/coca-html/assets/images/icons/chart-pie.html]
[n.foxdsgn.com/coca-html/assets/images/icons/clock.html]
[n.foxdsgn.com/coca-html/assets/images/icons/control.html]
[n.foxdsgn.com/coca-html/assets/images/icons/fire.html]
[n.foxdsgn.com/coca-html/assets/images/icons/heart.html]
[n.foxdsgn.com/coca-html/assets/images/icons/mail.html]
[n.foxdsgn.com/coca-html/assets/images/icons/plus-shield.html]
[n.foxdsgn.com/coca-html/assets/images/icons/video.html]
[n.foxdsgn.com/coca-html/assets/fonts/vc_icons_v2/fonts/vcpb-plugin-iconsb82a.html]
[n.foxdsgn.com/coca-html/assets/fonts/vc_icons_v2/fonts/vcpb-plugin-iconsb82a-2.html]
[n.foxdsgn.com/coca-html/assets/fonts/vc_icons_v2/fonts/vcpb-plugin-iconsb82a-3.html]
[n.foxdsgn.com/coca-html/assets/fonts/vc_icons_v2/fonts/vcpb-plugin-iconsb82a-4.html]
[n.foxdsgn.com/coca-html/assets/images/toggle_open.html]
[n.foxdsgn.com/coca-html/assets/images/toggle_close.html]
[n.foxdsgn.com/coca-html/assets/images/flickr.html]
[n.foxdsgn.com/coca-html/assets/vc/blur.html]
[n.foxdsgn.com/coca-html/assets/fonts/vc_grid/vc_grid_v157a1.html]
[n.foxdsgn.com/coca-html/assets/fonts/vc_grid/vc_grid_v1d41d.html]
[n.foxdsgn.com/coca-html/assets/fonts/vc_grid/vc_grid_v157a1-2.html]
[n.foxdsgn.com/coca-html/assets/fonts/vc_grid/vc_grid_v157a1-3.html]
[n.foxdsgn.com/coca-html/assets/fonts/vc_grid/vc_grid_v157a1-4.html]
[n.foxdsgn.com/coca-html/assets/images/spinner.html]
[n.foxdsgn.com/coca-html/assets/vc/remove.html]
[n.foxdsgn.com/coca-html/interior.html]
[n.foxdsgn.com/coca-html/exterior.html]
[n.foxdsgn.com/coca-html/decoration.html]
[n.foxdsgn.com/coca-html/furniture.html]
[n.foxdsgn.com/coca-html/exclusively.html]
[n.foxdsgn.com/coca-html/h.html]
[n.foxdsgn.com/coca-html/assets/css/woocommerce-layout10cb.css]
[n.foxdsgn.com/coca-html/assets/css/woocommerce-smallscreen10cb.css]
[n.foxdsgn.com/coca-html/assets/fonts/star.html]
[n.foxdsgn.com/coca-html/assets/fonts/stard41d.html]
[n.foxdsgn.com/coca-html/assets/fonts/star-2.html]
[n.foxdsgn.com/coca-html/assets/fonts/star-3.html]
[n.foxdsgn.com/coca-html/assets/fonts/star-4.html]
[n.foxdsgn.com/coca-html/assets/fonts/WooCommerce.html]
[n.foxdsgn.com/coca-html/assets/fonts/WooCommerced41d.html]
[n.foxdsgn.com/coca-html/assets/fonts/WooCommerce.woff]
[n.foxdsgn.com/coca-html/assets/fonts/WooCommerce-2.html]
[n.foxdsgn.com/coca-html/assets/fonts/WooCommerce-3.html]
[n.foxdsgn.com/coca-html/assets/images/icons/loader.html]
[n.foxdsgn.com/coca-html/assets/images/icons/credit-cards/visa.html]
[n.foxdsgn.com/coca-html/assets/images/icons/credit-cards/mastercard.html]
[n.foxdsgn.com/coca-html/assets/images/icons/credit-cards/laser.html]
[n.foxdsgn.com/coca-html/assets/images/icons/credit-cards/diners.html]
[n.foxdsgn.com/coca-html/assets/images/icons/credit-cards/maestro.html]
[n.foxdsgn.com/coca-html/assets/images/icons/credit-cards/jcb.html]
[n.foxdsgn.com/coca-html/assets/images/icons/credit-cards/amex.html]
[n.foxdsgn.com/coca-html/assets/css/woocommerce10cb.css]
[n.foxdsgn.com/coca-html/assets/images/icons/credit-cards/discover.html]
[n.foxdsgn.com/coca-html/assets/images/default-skin.png]
[n.foxdsgn.com/coca-html/assets/css/photoswipe10cb.css]
[n.foxdsgn.com/coca-html/assets/images/default-skin.html]
[n.foxdsgn.com/coca-html/assets/css/default-skin10cb.css]
[n.foxdsgn.com/coca-html/assets/css/select210cb.css]
[n.foxdsgn.com/coca-html/assets/fonts/star.html]
[n.foxdsgn.com/coca-html/assets/fonts/stard41d.html]
[n.foxdsgn.com/coca-html/assets/fonts/star-2.html]
[n.foxdsgn.com/coca-html/assets/fonts/star-3.html]
[n.foxdsgn.com/coca-html/assets/fonts/star-4.html]
[n.foxdsgn.com/coca-html/assets/fonts/WooCommerce.html]
[n.foxdsgn.com/coca-html/assets/fonts/WooCommerced41d.html]
[n.foxdsgn.com/coca-html/assets/fonts/WooCommerce-2.html]
[n.foxdsgn.com/coca-html/assets/fonts/WooCommerce-3.html]
[n.foxdsgn.com/coca-html/assets/images/icons/loader.html]
[n.foxdsgn.com/coca-html/assets/images/icons/credit-cards/visa.html]
[n.foxdsgn.com/coca-html/assets/images/icons/credit-cards/mastercard.html]
[n.foxdsgn.com/coca-html/assets/images/icons/credit-cards/laser.html]
[n.foxdsgn.com/coca-html/assets/images/icons/credit-cards/diners.html]
[n.foxdsgn.com/coca-html/assets/images/icons/credit-cards/maestro.html]
[n.foxdsgn.com/coca-html/assets/images/icons/credit-cards/jcb.html]
[n.foxdsgn.com/coca-html/assets/images/icons/credit-cards/amex.html]
[n.foxdsgn.com/coca-html/assets/images/icons/credit-cards/discover.html]
[n.foxdsgn.com/coca-html/assets/images/default-skin.html]
[n.foxdsgn.com/coca-html/assets/css/preloader.html]
[n.foxdsgn.com/coca-html/assets/css/preloader.html]
